Archive member included to satisfy reference by file (symbol)

c:/st/stm32cubeide_1.7.0/stm32cubeide/plugins/com.st.stm32cube.ide.mcu.externaltools.gnu-tools-for-stm32.9-2020-q2-update.win32_2.0.0.202105311346/tools/bin/../lib/gcc/arm-none-eabi/9.3.1/../../../../arm-none-eabi/lib/thumb/v7e-m+fp/hard\libc_nano.a(lib_a-exit.o)
                              c:/st/stm32cubeide_1.7.0/stm32cubeide/plugins/com.st.stm32cube.ide.mcu.externaltools.gnu-tools-for-stm32.9-2020-q2-update.win32_2.0.0.202105311346/tools/bin/../lib/gcc/arm-none-eabi/9.3.1/../../../../arm-none-eabi/lib/thumb/v7e-m+fp/hard/crt0.o (exit)
c:/st/stm32cubeide_1.7.0/stm32cubeide/plugins/com.st.stm32cube.ide.mcu.externaltools.gnu-tools-for-stm32.9-2020-q2-update.win32_2.0.0.202105311346/tools/bin/../lib/gcc/arm-none-eabi/9.3.1/../../../../arm-none-eabi/lib/thumb/v7e-m+fp/hard\libc_nano.a(lib_a-impure.o)
                              c:/st/stm32cubeide_1.7.0/stm32cubeide/plugins/com.st.stm32cube.ide.mcu.externaltools.gnu-tools-for-stm32.9-2020-q2-update.win32_2.0.0.202105311346/tools/bin/../lib/gcc/arm-none-eabi/9.3.1/../../../../arm-none-eabi/lib/thumb/v7e-m+fp/hard\libc_nano.a(lib_a-exit.o) (_global_impure_ptr)
c:/st/stm32cubeide_1.7.0/stm32cubeide/plugins/com.st.stm32cube.ide.mcu.externaltools.gnu-tools-for-stm32.9-2020-q2-update.win32_2.0.0.202105311346/tools/bin/../lib/gcc/arm-none-eabi/9.3.1/../../../../arm-none-eabi/lib/thumb/v7e-m+fp/hard\libc_nano.a(lib_a-init.o)
                              c:/st/stm32cubeide_1.7.0/stm32cubeide/plugins/com.st.stm32cube.ide.mcu.externaltools.gnu-tools-for-stm32.9-2020-q2-update.win32_2.0.0.202105311346/tools/bin/../lib/gcc/arm-none-eabi/9.3.1/../../../../arm-none-eabi/lib/thumb/v7e-m+fp/hard/crt0.o (__libc_init_array)
c:/st/stm32cubeide_1.7.0/stm32cubeide/plugins/com.st.stm32cube.ide.mcu.externaltools.gnu-tools-for-stm32.9-2020-q2-update.win32_2.0.0.202105311346/tools/bin/../lib/gcc/arm-none-eabi/9.3.1/../../../../arm-none-eabi/lib/thumb/v7e-m+fp/hard\libc_nano.a(lib_a-memset.o)
                              c:/st/stm32cubeide_1.7.0/stm32cubeide/plugins/com.st.stm32cube.ide.mcu.externaltools.gnu-tools-for-stm32.9-2020-q2-update.win32_2.0.0.202105311346/tools/bin/../lib/gcc/arm-none-eabi/9.3.1/../../../../arm-none-eabi/lib/thumb/v7e-m+fp/hard/crt0.o (memset)
c:/st/stm32cubeide_1.7.0/stm32cubeide/plugins/com.st.stm32cube.ide.mcu.externaltools.gnu-tools-for-stm32.9-2020-q2-update.win32_2.0.0.202105311346/tools/bin/../lib/gcc/arm-none-eabi/9.3.1/../../../../arm-none-eabi/lib/thumb/v7e-m+fp/hard\libnosys.a(_exit.o)
                              c:/st/stm32cubeide_1.7.0/stm32cubeide/plugins/com.st.stm32cube.ide.mcu.externaltools.gnu-tools-for-stm32.9-2020-q2-update.win32_2.0.0.202105311346/tools/bin/../lib/gcc/arm-none-eabi/9.3.1/../../../../arm-none-eabi/lib/thumb/v7e-m+fp/hard\libc_nano.a(lib_a-exit.o) (_exit)

Allocating common symbols
Common symbol       size              file

col                 0x1               ./Core/Src/Keypad.o
pressed_key         0x1               ./Core/Src/Keypad.o
row                 0x1               ./Core/Src/Keypad.o

Discarded input sections

 .text          0x0000000000000000        0x0 c:/st/stm32cubeide_1.7.0/stm32cubeide/plugins/com.st.stm32cube.ide.mcu.externaltools.gnu-tools-for-stm32.9-2020-q2-update.win32_2.0.0.202105311346/tools/bin/../lib/gcc/arm-none-eabi/9.3.1/thumb/v7e-m+fp/hard/crti.o
 .data          0x0000000000000000        0x0 c:/st/stm32cubeide_1.7.0/stm32cubeide/plugins/com.st.stm32cube.ide.mcu.externaltools.gnu-tools-for-stm32.9-2020-q2-update.win32_2.0.0.202105311346/tools/bin/../lib/gcc/arm-none-eabi/9.3.1/thumb/v7e-m+fp/hard/crti.o
 .bss           0x0000000000000000        0x0 c:/st/stm32cubeide_1.7.0/stm32cubeide/plugins/com.st.stm32cube.ide.mcu.externaltools.gnu-tools-for-stm32.9-2020-q2-update.win32_2.0.0.202105311346/tools/bin/../lib/gcc/arm-none-eabi/9.3.1/thumb/v7e-m+fp/hard/crti.o
 .data          0x0000000000000000        0x4 c:/st/stm32cubeide_1.7.0/stm32cubeide/plugins/com.st.stm32cube.ide.mcu.externaltools.gnu-tools-for-stm32.9-2020-q2-update.win32_2.0.0.202105311346/tools/bin/../lib/gcc/arm-none-eabi/9.3.1/thumb/v7e-m+fp/hard/crtbegin.o
 .text          0x0000000000000000       0x7c c:/st/stm32cubeide_1.7.0/stm32cubeide/plugins/com.st.stm32cube.ide.mcu.externaltools.gnu-tools-for-stm32.9-2020-q2-update.win32_2.0.0.202105311346/tools/bin/../lib/gcc/arm-none-eabi/9.3.1/../../../../arm-none-eabi/lib/thumb/v7e-m+fp/hard/crt0.o
 .data          0x0000000000000000        0x0 c:/st/stm32cubeide_1.7.0/stm32cubeide/plugins/com.st.stm32cube.ide.mcu.externaltools.gnu-tools-for-stm32.9-2020-q2-update.win32_2.0.0.202105311346/tools/bin/../lib/gcc/arm-none-eabi/9.3.1/../../../../arm-none-eabi/lib/thumb/v7e-m+fp/hard/crt0.o
 .bss           0x0000000000000000        0x0 c:/st/stm32cubeide_1.7.0/stm32cubeide/plugins/com.st.stm32cube.ide.mcu.externaltools.gnu-tools-for-stm32.9-2020-q2-update.win32_2.0.0.202105311346/tools/bin/../lib/gcc/arm-none-eabi/9.3.1/../../../../arm-none-eabi/lib/thumb/v7e-m+fp/hard/crt0.o
 .ARM.extab     0x0000000000000000        0x0 c:/st/stm32cubeide_1.7.0/stm32cubeide/plugins/com.st.stm32cube.ide.mcu.externaltools.gnu-tools-for-stm32.9-2020-q2-update.win32_2.0.0.202105311346/tools/bin/../lib/gcc/arm-none-eabi/9.3.1/../../../../arm-none-eabi/lib/thumb/v7e-m+fp/hard/crt0.o
 .ARM.exidx     0x0000000000000000       0x10 c:/st/stm32cubeide_1.7.0/stm32cubeide/plugins/com.st.stm32cube.ide.mcu.externaltools.gnu-tools-for-stm32.9-2020-q2-update.win32_2.0.0.202105311346/tools/bin/../lib/gcc/arm-none-eabi/9.3.1/../../../../arm-none-eabi/lib/thumb/v7e-m+fp/hard/crt0.o
 .ARM.attributes
                0x0000000000000000       0x1c c:/st/stm32cubeide_1.7.0/stm32cubeide/plugins/com.st.stm32cube.ide.mcu.externaltools.gnu-tools-for-stm32.9-2020-q2-update.win32_2.0.0.202105311346/tools/bin/../lib/gcc/arm-none-eabi/9.3.1/../../../../arm-none-eabi/lib/thumb/v7e-m+fp/hard/crt0.o
 .group         0x0000000000000000        0xc ./Core/Src/GPIO.o
 .group         0x0000000000000000        0xc ./Core/Src/GPIO.o
 .text          0x0000000000000000        0x0 ./Core/Src/GPIO.o
 .data          0x0000000000000000        0x0 ./Core/Src/GPIO.o
 .bss           0x0000000000000000        0x0 ./Core/Src/GPIO.o
 .data.interr_pin
                0x0000000000000000       0x10 ./Core/Src/GPIO.o
 .data.NVIC_ISER
                0x0000000000000000       0x14 ./Core/Src/GPIO.o
 .text.GPIO_ReadPin
                0x0000000000000000       0x44 ./Core/Src/GPIO.o
 .group         0x0000000000000000        0xc ./Core/Src/Keypad.o
 .group         0x0000000000000000        0xc ./Core/Src/Keypad.o
 .text          0x0000000000000000        0x0 ./Core/Src/Keypad.o
 .data          0x0000000000000000        0x0 ./Core/Src/Keypad.o
 .bss           0x0000000000000000        0x0 ./Core/Src/Keypad.o
 .bss.key_state
                0x0000000000000000        0x1 ./Core/Src/Keypad.o
 .data.buttons  0x0000000000000000        0xc ./Core/Src/Keypad.o
 .text.KEYPAD_Init
                0x0000000000000000       0x68 ./Core/Src/Keypad.o
 .text.KEYPAD_Manage
                0x0000000000000000       0xdc ./Core/Src/Keypad.o
 .text.KEYPAD_GetKey
                0x0000000000000000       0x34 ./Core/Src/Keypad.o
 .debug_info    0x0000000000000000      0x120 ./Core/Src/Keypad.o
 .debug_abbrev  0x0000000000000000       0xd3 ./Core/Src/Keypad.o
 .debug_aranges
                0x0000000000000000       0x30 ./Core/Src/Keypad.o
 .debug_ranges  0x0000000000000000       0x20 ./Core/Src/Keypad.o
 .debug_macro   0x0000000000000000       0x24 ./Core/Src/Keypad.o
 .debug_macro   0x0000000000000000      0xaa8 ./Core/Src/Keypad.o
 .debug_macro   0x0000000000000000      0x12a ./Core/Src/Keypad.o
 .debug_line    0x0000000000000000      0x162 ./Core/Src/Keypad.o
 .debug_str     0x0000000000000000     0x3542 ./Core/Src/Keypad.o
 .comment       0x0000000000000000       0x54 ./Core/Src/Keypad.o
 .debug_frame   0x0000000000000000       0x78 ./Core/Src/Keypad.o
 .ARM.attributes
                0x0000000000000000       0x34 ./Core/Src/Keypad.o
 COMMON         0x0000000000000000        0x3 ./Core/Src/Keypad.o
 .group         0x0000000000000000        0xc ./Core/Src/main.o
 .group         0x0000000000000000        0xc ./Core/Src/main.o
 .text          0x0000000000000000        0x0 ./Core/Src/main.o
 .data          0x0000000000000000        0x0 ./Core/Src/main.o
 .bss           0x0000000000000000        0x0 ./Core/Src/main.o
 .text.delay30ms
                0x0000000000000000       0x2a ./Core/Src/main.o
 .debug_macro   0x0000000000000000      0xaa8 ./Core/Src/main.o
 .debug_macro   0x0000000000000000      0x12a ./Core/Src/main.o
 .group         0x0000000000000000        0xc ./Core/Src/system_stm32f4xx.o
 .group         0x0000000000000000        0xc ./Core/Src/system_stm32f4xx.o
 .group         0x0000000000000000        0xc ./Core/Src/system_stm32f4xx.o
 .group         0x0000000000000000        0xc ./Core/Src/system_stm32f4xx.o
 .group         0x0000000000000000        0xc ./Core/Src/system_stm32f4xx.o
 .group         0x0000000000000000        0xc ./Core/Src/system_stm32f4xx.o
 .group         0x0000000000000000        0xc ./Core/Src/system_stm32f4xx.o
 .group         0x0000000000000000        0xc ./Core/Src/system_stm32f4xx.o
 .group         0x0000000000000000        0xc ./Core/Src/system_stm32f4xx.o
 .group         0x0000000000000000        0xc ./Core/Src/system_stm32f4xx.o
 .group         0x0000000000000000        0xc ./Core/Src/system_stm32f4xx.o
 .group         0x0000000000000000        0xc ./Core/Src/system_stm32f4xx.o
 .group         0x0000000000000000        0xc ./Core/Src/system_stm32f4xx.o
 .group         0x0000000000000000        0xc ./Core/Src/system_stm32f4xx.o
 .group         0x0000000000000000        0xc ./Core/Src/system_stm32f4xx.o
 .group         0x0000000000000000        0xc ./Core/Src/system_stm32f4xx.o
 .text          0x0000000000000000        0x0 ./Core/Src/system_stm32f4xx.o
 .data          0x0000000000000000        0x0 ./Core/Src/system_stm32f4xx.o
 .bss           0x0000000000000000        0x0 ./Core/Src/system_stm32f4xx.o
 .data.SystemCoreClock
                0x0000000000000000        0x4 ./Core/Src/system_stm32f4xx.o
 .rodata.AHBPrescTable
                0x0000000000000000       0x10 ./Core/Src/system_stm32f4xx.o
 .rodata.APBPrescTable
                0x0000000000000000        0x8 ./Core/Src/system_stm32f4xx.o
 .text.SystemCoreClockUpdate
                0x0000000000000000      0x100 ./Core/Src/system_stm32f4xx.o
 .debug_macro   0x0000000000000000      0xaa8 ./Core/Src/system_stm32f4xx.o
 .text          0x0000000000000000       0x14 ./Core/Startup/startup_stm32f401ccux.o
 .data          0x0000000000000000        0x0 ./Core/Startup/startup_stm32f401ccux.o
 .bss           0x0000000000000000        0x0 ./Core/Startup/startup_stm32f401ccux.o
 .text          0x0000000000000000        0x0 c:/st/stm32cubeide_1.7.0/stm32cubeide/plugins/com.st.stm32cube.ide.mcu.externaltools.gnu-tools-for-stm32.9-2020-q2-update.win32_2.0.0.202105311346/tools/bin/../lib/gcc/arm-none-eabi/9.3.1/../../../../arm-none-eabi/lib/thumb/v7e-m+fp/hard\libc_nano.a(lib_a-exit.o)
 .data          0x0000000000000000        0x0 c:/st/stm32cubeide_1.7.0/stm32cubeide/plugins/com.st.stm32cube.ide.mcu.externaltools.gnu-tools-for-stm32.9-2020-q2-update.win32_2.0.0.202105311346/tools/bin/../lib/gcc/arm-none-eabi/9.3.1/../../../../arm-none-eabi/lib/thumb/v7e-m+fp/hard\libc_nano.a(lib_a-exit.o)
 .bss           0x0000000000000000        0x0 c:/st/stm32cubeide_1.7.0/stm32cubeide/plugins/com.st.stm32cube.ide.mcu.externaltools.gnu-tools-for-stm32.9-2020-q2-update.win32_2.0.0.202105311346/tools/bin/../lib/gcc/arm-none-eabi/9.3.1/../../../../arm-none-eabi/lib/thumb/v7e-m+fp/hard\libc_nano.a(lib_a-exit.o)
 .text.exit     0x0000000000000000       0x28 c:/st/stm32cubeide_1.7.0/stm32cubeide/plugins/com.st.stm32cube.ide.mcu.externaltools.gnu-tools-for-stm32.9-2020-q2-update.win32_2.0.0.202105311346/tools/bin/../lib/gcc/arm-none-eabi/9.3.1/../../../../arm-none-eabi/lib/thumb/v7e-m+fp/hard\libc_nano.a(lib_a-exit.o)
 .debug_frame   0x0000000000000000       0x28 c:/st/stm32cubeide_1.7.0/stm32cubeide/plugins/com.st.stm32cube.ide.mcu.externaltools.gnu-tools-for-stm32.9-2020-q2-update.win32_2.0.0.202105311346/tools/bin/../lib/gcc/arm-none-eabi/9.3.1/../../../../arm-none-eabi/lib/thumb/v7e-m+fp/hard\libc_nano.a(lib_a-exit.o)
 .ARM.attributes
                0x0000000000000000       0x34 c:/st/stm32cubeide_1.7.0/stm32cubeide/plugins/com.st.stm32cube.ide.mcu.externaltools.gnu-tools-for-stm32.9-2020-q2-update.win32_2.0.0.202105311346/tools/bin/../lib/gcc/arm-none-eabi/9.3.1/../../../../arm-none-eabi/lib/thumb/v7e-m+fp/hard\libc_nano.a(lib_a-exit.o)
 .text          0x0000000000000000        0x0 c:/st/stm32cubeide_1.7.0/stm32cubeide/plugins/com.st.stm32cube.ide.mcu.externaltools.gnu-tools-for-stm32.9-2020-q2-update.win32_2.0.0.202105311346/tools/bin/../lib/gcc/arm-none-eabi/9.3.1/../../../../arm-none-eabi/lib/thumb/v7e-m+fp/hard\libc_nano.a(lib_a-impure.o)
 .data          0x0000000000000000        0x0 c:/st/stm32cubeide_1.7.0/stm32cubeide/plugins/com.st.stm32cube.ide.mcu.externaltools.gnu-tools-for-stm32.9-2020-q2-update.win32_2.0.0.202105311346/tools/bin/../lib/gcc/arm-none-eabi/9.3.1/../../../../arm-none-eabi/lib/thumb/v7e-m+fp/hard\libc_nano.a(lib_a-impure.o)
 .bss           0x0000000000000000        0x0 c:/st/stm32cubeide_1.7.0/stm32cubeide/plugins/com.st.stm32cube.ide.mcu.externaltools.gnu-tools-for-stm32.9-2020-q2-update.win32_2.0.0.202105311346/tools/bin/../lib/gcc/arm-none-eabi/9.3.1/../../../../arm-none-eabi/lib/thumb/v7e-m+fp/hard\libc_nano.a(lib_a-impure.o)
 .data._impure_ptr
                0x0000000000000000        0x4 c:/st/stm32cubeide_1.7.0/stm32cubeide/plugins/com.st.stm32cube.ide.mcu.externaltools.gnu-tools-for-stm32.9-2020-q2-update.win32_2.0.0.202105311346/tools/bin/../lib/gcc/arm-none-eabi/9.3.1/../../../../arm-none-eabi/lib/thumb/v7e-m+fp/hard\libc_nano.a(lib_a-impure.o)
 .data.impure_data
                0x0000000000000000       0x60 c:/st/stm32cubeide_1.7.0/stm32cubeide/plugins/com.st.stm32cube.ide.mcu.externaltools.gnu-tools-for-stm32.9-2020-q2-update.win32_2.0.0.202105311346/tools/bin/../lib/gcc/arm-none-eabi/9.3.1/../../../../arm-none-eabi/lib/thumb/v7e-m+fp/hard\libc_nano.a(lib_a-impure.o)
 .rodata._global_impure_ptr
                0x0000000000000000        0x4 c:/st/stm32cubeide_1.7.0/stm32cubeide/plugins/com.st.stm32cube.ide.mcu.externaltools.gnu-tools-for-stm32.9-2020-q2-update.win32_2.0.0.202105311346/tools/bin/../lib/gcc/arm-none-eabi/9.3.1/../../../../arm-none-eabi/lib/thumb/v7e-m+fp/hard\libc_nano.a(lib_a-impure.o)
 .ARM.attributes
                0x0000000000000000       0x32 c:/st/stm32cubeide_1.7.0/stm32cubeide/plugins/com.st.stm32cube.ide.mcu.externaltools.gnu-tools-for-stm32.9-2020-q2-update.win32_2.0.0.202105311346/tools/bin/../lib/gcc/arm-none-eabi/9.3.1/../../../../arm-none-eabi/lib/thumb/v7e-m+fp/hard\libc_nano.a(lib_a-impure.o)
 .text          0x0000000000000000        0x0 c:/st/stm32cubeide_1.7.0/stm32cubeide/plugins/com.st.stm32cube.ide.mcu.externaltools.gnu-tools-for-stm32.9-2020-q2-update.win32_2.0.0.202105311346/tools/bin/../lib/gcc/arm-none-eabi/9.3.1/../../../../arm-none-eabi/lib/thumb/v7e-m+fp/hard\libc_nano.a(lib_a-init.o)
 .data          0x0000000000000000        0x0 c:/st/stm32cubeide_1.7.0/stm32cubeide/plugins/com.st.stm32cube.ide.mcu.externaltools.gnu-tools-for-stm32.9-2020-q2-update.win32_2.0.0.202105311346/tools/bin/../lib/gcc/arm-none-eabi/9.3.1/../../../../arm-none-eabi/lib/thumb/v7e-m+fp/hard\libc_nano.a(lib_a-init.o)
 .bss           0x0000000000000000        0x0 c:/st/stm32cubeide_1.7.0/stm32cubeide/plugins/com.st.stm32cube.ide.mcu.externaltools.gnu-tools-for-stm32.9-2020-q2-update.win32_2.0.0.202105311346/tools/bin/../lib/gcc/arm-none-eabi/9.3.1/../../../../arm-none-eabi/lib/thumb/v7e-m+fp/hard\libc_nano.a(lib_a-init.o)
 .text          0x0000000000000000        0x0 c:/st/stm32cubeide_1.7.0/stm32cubeide/plugins/com.st.stm32cube.ide.mcu.externaltools.gnu-tools-for-stm32.9-2020-q2-update.win32_2.0.0.202105311346/tools/bin/../lib/gcc/arm-none-eabi/9.3.1/../../../../arm-none-eabi/lib/thumb/v7e-m+fp/hard\libc_nano.a(lib_a-memset.o)
 .data          0x0000000000000000        0x0 c:/st/stm32cubeide_1.7.0/stm32cubeide/plugins/com.st.stm32cube.ide.mcu.externaltools.gnu-tools-for-stm32.9-2020-q2-update.win32_2.0.0.202105311346/tools/bin/../lib/gcc/arm-none-eabi/9.3.1/../../../../arm-none-eabi/lib/thumb/v7e-m+fp/hard\libc_nano.a(lib_a-memset.o)
 .bss           0x0000000000000000        0x0 c:/st/stm32cubeide_1.7.0/stm32cubeide/plugins/com.st.stm32cube.ide.mcu.externaltools.gnu-tools-for-stm32.9-2020-q2-update.win32_2.0.0.202105311346/tools/bin/../lib/gcc/arm-none-eabi/9.3.1/../../../../arm-none-eabi/lib/thumb/v7e-m+fp/hard\libc_nano.a(lib_a-memset.o)
 .text.memset   0x0000000000000000       0x10 c:/st/stm32cubeide_1.7.0/stm32cubeide/plugins/com.st.stm32cube.ide.mcu.externaltools.gnu-tools-for-stm32.9-2020-q2-update.win32_2.0.0.202105311346/tools/bin/../lib/gcc/arm-none-eabi/9.3.1/../../../../arm-none-eabi/lib/thumb/v7e-m+fp/hard\libc_nano.a(lib_a-memset.o)
 .debug_frame   0x0000000000000000       0x20 c:/st/stm32cubeide_1.7.0/stm32cubeide/plugins/com.st.stm32cube.ide.mcu.externaltools.gnu-tools-for-stm32.9-2020-q2-update.win32_2.0.0.202105311346/tools/bin/../lib/gcc/arm-none-eabi/9.3.1/../../../../arm-none-eabi/lib/thumb/v7e-m+fp/hard\libc_nano.a(lib_a-memset.o)
 .ARM.attributes
                0x0000000000000000       0x34 c:/st/stm32cubeide_1.7.0/stm32cubeide/plugins/com.st.stm32cube.ide.mcu.externaltools.gnu-tools-for-stm32.9-2020-q2-update.win32_2.0.0.202105311346/tools/bin/../lib/gcc/arm-none-eabi/9.3.1/../../../../arm-none-eabi/lib/thumb/v7e-m+fp/hard\libc_nano.a(lib_a-memset.o)
 .text          0x0000000000000000        0x0 c:/st/stm32cubeide_1.7.0/stm32cubeide/plugins/com.st.stm32cube.ide.mcu.externaltools.gnu-tools-for-stm32.9-2020-q2-update.win32_2.0.0.202105311346/tools/bin/../lib/gcc/arm-none-eabi/9.3.1/../../../../arm-none-eabi/lib/thumb/v7e-m+fp/hard\libnosys.a(_exit.o)
 .data          0x0000000000000000        0x0 c:/st/stm32cubeide_1.7.0/stm32cubeide/plugins/com.st.stm32cube.ide.mcu.externaltools.gnu-tools-for-stm32.9-2020-q2-update.win32_2.0.0.202105311346/tools/bin/../lib/gcc/arm-none-eabi/9.3.1/../../../../arm-none-eabi/lib/thumb/v7e-m+fp/hard\libnosys.a(_exit.o)
 .bss           0x0000000000000000        0x0 c:/st/stm32cubeide_1.7.0/stm32cubeide/plugins/com.st.stm32cube.ide.mcu.externaltools.gnu-tools-for-stm32.9-2020-q2-update.win32_2.0.0.202105311346/tools/bin/../lib/gcc/arm-none-eabi/9.3.1/../../../../arm-none-eabi/lib/thumb/v7e-m+fp/hard\libnosys.a(_exit.o)
 .text._exit    0x0000000000000000        0x2 c:/st/stm32cubeide_1.7.0/stm32cubeide/plugins/com.st.stm32cube.ide.mcu.externaltools.gnu-tools-for-stm32.9-2020-q2-update.win32_2.0.0.202105311346/tools/bin/../lib/gcc/arm-none-eabi/9.3.1/../../../../arm-none-eabi/lib/thumb/v7e-m+fp/hard\libnosys.a(_exit.o)
 .debug_frame   0x0000000000000000       0x20 c:/st/stm32cubeide_1.7.0/stm32cubeide/plugins/com.st.stm32cube.ide.mcu.externaltools.gnu-tools-for-stm32.9-2020-q2-update.win32_2.0.0.202105311346/tools/bin/../lib/gcc/arm-none-eabi/9.3.1/../../../../arm-none-eabi/lib/thumb/v7e-m+fp/hard\libnosys.a(_exit.o)
 .ARM.attributes
                0x0000000000000000       0x34 c:/st/stm32cubeide_1.7.0/stm32cubeide/plugins/com.st.stm32cube.ide.mcu.externaltools.gnu-tools-for-stm32.9-2020-q2-update.win32_2.0.0.202105311346/tools/bin/../lib/gcc/arm-none-eabi/9.3.1/../../../../arm-none-eabi/lib/thumb/v7e-m+fp/hard\libnosys.a(_exit.o)
 .text          0x0000000000000000        0x0 c:/st/stm32cubeide_1.7.0/stm32cubeide/plugins/com.st.stm32cube.ide.mcu.externaltools.gnu-tools-for-stm32.9-2020-q2-update.win32_2.0.0.202105311346/tools/bin/../lib/gcc/arm-none-eabi/9.3.1/thumb/v7e-m+fp/hard/crtend.o
 .data          0x0000000000000000        0x0 c:/st/stm32cubeide_1.7.0/stm32cubeide/plugins/com.st.stm32cube.ide.mcu.externaltools.gnu-tools-for-stm32.9-2020-q2-update.win32_2.0.0.202105311346/tools/bin/../lib/gcc/arm-none-eabi/9.3.1/thumb/v7e-m+fp/hard/crtend.o
 .bss           0x0000000000000000        0x0 c:/st/stm32cubeide_1.7.0/stm32cubeide/plugins/com.st.stm32cube.ide.mcu.externaltools.gnu-tools-for-stm32.9-2020-q2-update.win32_2.0.0.202105311346/tools/bin/../lib/gcc/arm-none-eabi/9.3.1/thumb/v7e-m+fp/hard/crtend.o
 .eh_frame      0x0000000000000000        0x4 c:/st/stm32cubeide_1.7.0/stm32cubeide/plugins/com.st.stm32cube.ide.mcu.externaltools.gnu-tools-for-stm32.9-2020-q2-update.win32_2.0.0.202105311346/tools/bin/../lib/gcc/arm-none-eabi/9.3.1/thumb/v7e-m+fp/hard/crtend.o
 .ARM.attributes
                0x0000000000000000       0x32 c:/st/stm32cubeide_1.7.0/stm32cubeide/plugins/com.st.stm32cube.ide.mcu.externaltools.gnu-tools-for-stm32.9-2020-q2-update.win32_2.0.0.202105311346/tools/bin/../lib/gcc/arm-none-eabi/9.3.1/thumb/v7e-m+fp/hard/crtend.o
 .text          0x0000000000000000        0x0 c:/st/stm32cubeide_1.7.0/stm32cubeide/plugins/com.st.stm32cube.ide.mcu.externaltools.gnu-tools-for-stm32.9-2020-q2-update.win32_2.0.0.202105311346/tools/bin/../lib/gcc/arm-none-eabi/9.3.1/thumb/v7e-m+fp/hard/crtn.o
 .data          0x0000000000000000        0x0 c:/st/stm32cubeide_1.7.0/stm32cubeide/plugins/com.st.stm32cube.ide.mcu.externaltools.gnu-tools-for-stm32.9-2020-q2-update.win32_2.0.0.202105311346/tools/bin/../lib/gcc/arm-none-eabi/9.3.1/thumb/v7e-m+fp/hard/crtn.o
 .bss           0x0000000000000000        0x0 c:/st/stm32cubeide_1.7.0/stm32cubeide/plugins/com.st.stm32cube.ide.mcu.externaltools.gnu-tools-for-stm32.9-2020-q2-update.win32_2.0.0.202105311346/tools/bin/../lib/gcc/arm-none-eabi/9.3.1/thumb/v7e-m+fp/hard/crtn.o

Memory Configuration

Name             Origin             Length             Attributes
RAM              0x0000000020000000 0x0000000000010000 xrw
FLASH            0x0000000008000000 0x0000000000040000 xr
*default*        0x0000000000000000 0xffffffffffffffff

Linker script and memory map

LOAD c:/st/stm32cubeide_1.7.0/stm32cubeide/plugins/com.st.stm32cube.ide.mcu.externaltools.gnu-tools-for-stm32.9-2020-q2-update.win32_2.0.0.202105311346/tools/bin/../lib/gcc/arm-none-eabi/9.3.1/thumb/v7e-m+fp/hard/crti.o
LOAD c:/st/stm32cubeide_1.7.0/stm32cubeide/plugins/com.st.stm32cube.ide.mcu.externaltools.gnu-tools-for-stm32.9-2020-q2-update.win32_2.0.0.202105311346/tools/bin/../lib/gcc/arm-none-eabi/9.3.1/thumb/v7e-m+fp/hard/crtbegin.o
LOAD c:/st/stm32cubeide_1.7.0/stm32cubeide/plugins/com.st.stm32cube.ide.mcu.externaltools.gnu-tools-for-stm32.9-2020-q2-update.win32_2.0.0.202105311346/tools/bin/../lib/gcc/arm-none-eabi/9.3.1/../../../../arm-none-eabi/lib/thumb/v7e-m+fp/hard/crt0.o
LOAD ./Core/Src/GPIO.o
LOAD ./Core/Src/Keypad.o
LOAD ./Core/Src/main.o
LOAD ./Core/Src/system_stm32f4xx.o
LOAD ./Core/Startup/startup_stm32f401ccux.o
START GROUP
LOAD c:/st/stm32cubeide_1.7.0/stm32cubeide/plugins/com.st.stm32cube.ide.mcu.externaltools.gnu-tools-for-stm32.9-2020-q2-update.win32_2.0.0.202105311346/tools/bin/../lib/gcc/arm-none-eabi/9.3.1/../../../../arm-none-eabi/lib/thumb/v7e-m+fp/hard\libc_nano.a
LOAD c:/st/stm32cubeide_1.7.0/stm32cubeide/plugins/com.st.stm32cube.ide.mcu.externaltools.gnu-tools-for-stm32.9-2020-q2-update.win32_2.0.0.202105311346/tools/bin/../lib/gcc/arm-none-eabi/9.3.1/../../../../arm-none-eabi/lib/thumb/v7e-m+fp/hard\libm.a
END GROUP
START GROUP
LOAD c:/st/stm32cubeide_1.7.0/stm32cubeide/plugins/com.st.stm32cube.ide.mcu.externaltools.gnu-tools-for-stm32.9-2020-q2-update.win32_2.0.0.202105311346/tools/bin/../lib/gcc/arm-none-eabi/9.3.1/thumb/v7e-m+fp/hard\libgcc.a
LOAD c:/st/stm32cubeide_1.7.0/stm32cubeide/plugins/com.st.stm32cube.ide.mcu.externaltools.gnu-tools-for-stm32.9-2020-q2-update.win32_2.0.0.202105311346/tools/bin/../lib/gcc/arm-none-eabi/9.3.1/../../../../arm-none-eabi/lib/thumb/v7e-m+fp/hard\libc_nano.a
END GROUP
START GROUP
LOAD c:/st/stm32cubeide_1.7.0/stm32cubeide/plugins/com.st.stm32cube.ide.mcu.externaltools.gnu-tools-for-stm32.9-2020-q2-update.win32_2.0.0.202105311346/tools/bin/../lib/gcc/arm-none-eabi/9.3.1/thumb/v7e-m+fp/hard\libgcc.a
LOAD c:/st/stm32cubeide_1.7.0/stm32cubeide/plugins/com.st.stm32cube.ide.mcu.externaltools.gnu-tools-for-stm32.9-2020-q2-update.win32_2.0.0.202105311346/tools/bin/../lib/gcc/arm-none-eabi/9.3.1/../../../../arm-none-eabi/lib/thumb/v7e-m+fp/hard\libc_nano.a
LOAD c:/st/stm32cubeide_1.7.0/stm32cubeide/plugins/com.st.stm32cube.ide.mcu.externaltools.gnu-tools-for-stm32.9-2020-q2-update.win32_2.0.0.202105311346/tools/bin/../lib/gcc/arm-none-eabi/9.3.1/../../../../arm-none-eabi/lib/thumb/v7e-m+fp/hard\libnosys.a
END GROUP
START GROUP
LOAD c:/st/stm32cubeide_1.7.0/stm32cubeide/plugins/com.st.stm32cube.ide.mcu.externaltools.gnu-tools-for-stm32.9-2020-q2-update.win32_2.0.0.202105311346/tools/bin/../lib/gcc/arm-none-eabi/9.3.1/thumb/v7e-m+fp/hard\libgcc.a
LOAD c:/st/stm32cubeide_1.7.0/stm32cubeide/plugins/com.st.stm32cube.ide.mcu.externaltools.gnu-tools-for-stm32.9-2020-q2-update.win32_2.0.0.202105311346/tools/bin/../lib/gcc/arm-none-eabi/9.3.1/../../../../arm-none-eabi/lib/thumb/v7e-m+fp/hard\libc_nano.a
LOAD c:/st/stm32cubeide_1.7.0/stm32cubeide/plugins/com.st.stm32cube.ide.mcu.externaltools.gnu-tools-for-stm32.9-2020-q2-update.win32_2.0.0.202105311346/tools/bin/../lib/gcc/arm-none-eabi/9.3.1/../../../../arm-none-eabi/lib/thumb/v7e-m+fp/hard\libnosys.a
END GROUP
LOAD c:/st/stm32cubeide_1.7.0/stm32cubeide/plugins/com.st.stm32cube.ide.mcu.externaltools.gnu-tools-for-stm32.9-2020-q2-update.win32_2.0.0.202105311346/tools/bin/../lib/gcc/arm-none-eabi/9.3.1/thumb/v7e-m+fp/hard/crtend.o
LOAD c:/st/stm32cubeide_1.7.0/stm32cubeide/plugins/com.st.stm32cube.ide.mcu.externaltools.gnu-tools-for-stm32.9-2020-q2-update.win32_2.0.0.202105311346/tools/bin/../lib/gcc/arm-none-eabi/9.3.1/thumb/v7e-m+fp/hard/crtn.o
                0x0000000020010000                _estack = (ORIGIN (RAM) + LENGTH (RAM))
                0x0000000000000200                _Min_Heap_Size = 0x200
                0x0000000000000400                _Min_Stack_Size = 0x400

.isr_vector     0x0000000008000000      0x194
                0x0000000008000000                . = ALIGN (0x4)
 *(.isr_vector)
 .isr_vector    0x0000000008000000      0x194 ./Core/Startup/startup_stm32f401ccux.o
                0x0000000008000000                g_pfnVectors
                0x0000000008000194                . = ALIGN (0x4)

.text           0x0000000008000194      0x5c4
                0x0000000008000194                . = ALIGN (0x4)
 *(.text)
 .text          0x0000000008000194       0x40 c:/st/stm32cubeide_1.7.0/stm32cubeide/plugins/com.st.stm32cube.ide.mcu.externaltools.gnu-tools-for-stm32.9-2020-q2-update.win32_2.0.0.202105311346/tools/bin/../lib/gcc/arm-none-eabi/9.3.1/thumb/v7e-m+fp/hard/crtbegin.o
 *(.text*)
 .text.GPIO_EnableClock
                0x00000000080001d4       0x38 ./Core/Src/GPIO.o
                0x00000000080001d4                GPIO_EnableClock
 .text.EXTI_EnableClock
                0x000000000800020c       0x20 ./Core/Src/GPIO.o
                0x000000000800020c                EXTI_EnableClock
 .text.EXTI_INIT
                0x000000000800022c       0x70 ./Core/Src/GPIO.o
                0x000000000800022c                EXTI_INIT
 .text.GPIO_Init
                0x000000000800029c      0x17c ./Core/Src/GPIO.o
                0x000000000800029c                GPIO_Init
 .text.GPIO_WritePin
                0x0000000008000418       0xcc ./Core/Src/GPIO.o
                0x0000000008000418                GPIO_WritePin
 .text.main     0x00000000080004e4       0xe4 ./Core/Src/main.o
                0x00000000080004e4                main
 .text.INCREMENT
                0x00000000080005c8       0x5c ./Core/Src/main.o
                0x00000000080005c8                INCREMENT
 .text.DECREMENT
                0x0000000008000624       0x5c ./Core/Src/main.o
                0x0000000008000624                DECREMENT
 .text.SystemInit
                0x0000000008000680       0x24 ./Core/Src/system_stm32f4xx.o
                0x0000000008000680                SystemInit
 .text.Reset_Handler
                0x00000000080006a4       0x50 ./Core/Startup/startup_stm32f401ccux.o
                0x00000000080006a4                Reset_Handler
 .text.Default_Handler
                0x00000000080006f4        0x2 ./Core/Startup/startup_stm32f401ccux.o
                0x00000000080006f4                RTC_Alarm_IRQHandler
                0x00000000080006f4                EXTI2_IRQHandler
                0x00000000080006f4                DebugMon_Handler
                0x00000000080006f4                SPI4_IRQHandler
                0x00000000080006f4                TIM1_CC_IRQHandler
                0x00000000080006f4                DMA2_Stream5_IRQHandler
                0x00000000080006f4                HardFault_Handler
                0x00000000080006f4                DMA1_Stream5_IRQHandler
                0x00000000080006f4                SysTick_Handler
                0x00000000080006f4                PVD_IRQHandler
                0x00000000080006f4                SDIO_IRQHandler
                0x00000000080006f4                TAMP_STAMP_IRQHandler
                0x00000000080006f4                PendSV_Handler
                0x00000000080006f4                NMI_Handler
                0x00000000080006f4                EXTI3_IRQHandler
                0x00000000080006f4                TIM1_UP_TIM10_IRQHandler
                0x00000000080006f4                I2C3_ER_IRQHandler
                0x00000000080006f4                EXTI0_IRQHandler
                0x00000000080006f4                I2C2_EV_IRQHandler
                0x00000000080006f4                DMA1_Stream2_IRQHandler
                0x00000000080006f4                FPU_IRQHandler
                0x00000000080006f4                UsageFault_Handler
                0x00000000080006f4                DMA2_Stream2_IRQHandler
                0x00000000080006f4                SPI1_IRQHandler
                0x00000000080006f4                TIM1_BRK_TIM9_IRQHandler
                0x00000000080006f4                DMA2_Stream3_IRQHandler
                0x00000000080006f4                USART6_IRQHandler
                0x00000000080006f4                DMA2_Stream0_IRQHandler
                0x00000000080006f4                TIM4_IRQHandler
                0x00000000080006f4                I2C1_EV_IRQHandler
                0x00000000080006f4                DMA1_Stream6_IRQHandler
                0x00000000080006f4                DMA1_Stream1_IRQHandler
                0x00000000080006f4                TIM3_IRQHandler
                0x00000000080006f4                RCC_IRQHandler
                0x00000000080006f4                Default_Handler
                0x00000000080006f4                EXTI15_10_IRQHandler
                0x00000000080006f4                ADC_IRQHandler
                0x00000000080006f4                DMA1_Stream7_IRQHandler
                0x00000000080006f4                TIM5_IRQHandler
                0x00000000080006f4                DMA2_Stream7_IRQHandler
                0x00000000080006f4                I2C3_EV_IRQHandler
                0x00000000080006f4                EXTI9_5_IRQHandler
                0x00000000080006f4                RTC_WKUP_IRQHandler
                0x00000000080006f4                SPI2_IRQHandler
                0x00000000080006f4                MemManage_Handler
                0x00000000080006f4                DMA1_Stream0_IRQHandler
                0x00000000080006f4                SVC_Handler
                0x00000000080006f4                EXTI4_IRQHandler
                0x00000000080006f4                WWDG_IRQHandler
                0x00000000080006f4                TIM2_IRQHandler
                0x00000000080006f4                OTG_FS_WKUP_IRQHandler
                0x00000000080006f4                TIM1_TRG_COM_TIM11_IRQHandler
                0x00000000080006f4                EXTI1_IRQHandler
                0x00000000080006f4                USART2_IRQHandler
                0x00000000080006f4                I2C2_ER_IRQHandler
                0x00000000080006f4                DMA2_Stream1_IRQHandler
                0x00000000080006f4                FLASH_IRQHandler
                0x00000000080006f4                DMA2_Stream4_IRQHandler
                0x00000000080006f4                BusFault_Handler
                0x00000000080006f4                USART1_IRQHandler
                0x00000000080006f4                OTG_FS_IRQHandler
                0x00000000080006f4                SPI3_IRQHandler
                0x00000000080006f4                DMA1_Stream4_IRQHandler
                0x00000000080006f4                I2C1_ER_IRQHandler
                0x00000000080006f4                DMA2_Stream6_IRQHandler
                0x00000000080006f4                DMA1_Stream3_IRQHandler
 *fill*         0x00000000080006f6        0x2 
 .text.__libc_init_array
                0x00000000080006f8       0x48 c:/st/stm32cubeide_1.7.0/stm32cubeide/plugins/com.st.stm32cube.ide.mcu.externaltools.gnu-tools-for-stm32.9-2020-q2-update.win32_2.0.0.202105311346/tools/bin/../lib/gcc/arm-none-eabi/9.3.1/../../../../arm-none-eabi/lib/thumb/v7e-m+fp/hard\libc_nano.a(lib_a-init.o)
                0x00000000080006f8                __libc_init_array
 *(.glue_7)
 .glue_7        0x0000000008000740        0x0 linker stubs
 *(.glue_7t)
 .glue_7t       0x0000000008000740        0x0 linker stubs
 *(.eh_frame)
 .eh_frame      0x0000000008000740        0x0 c:/st/stm32cubeide_1.7.0/stm32cubeide/plugins/com.st.stm32cube.ide.mcu.externaltools.gnu-tools-for-stm32.9-2020-q2-update.win32_2.0.0.202105311346/tools/bin/../lib/gcc/arm-none-eabi/9.3.1/thumb/v7e-m+fp/hard/crtbegin.o
 *(.init)
 .init          0x0000000008000740        0x4 c:/st/stm32cubeide_1.7.0/stm32cubeide/plugins/com.st.stm32cube.ide.mcu.externaltools.gnu-tools-for-stm32.9-2020-q2-update.win32_2.0.0.202105311346/tools/bin/../lib/gcc/arm-none-eabi/9.3.1/thumb/v7e-m+fp/hard/crti.o
                0x0000000008000740                _init
 .init          0x0000000008000744        0x8 c:/st/stm32cubeide_1.7.0/stm32cubeide/plugins/com.st.stm32cube.ide.mcu.externaltools.gnu-tools-for-stm32.9-2020-q2-update.win32_2.0.0.202105311346/tools/bin/../lib/gcc/arm-none-eabi/9.3.1/thumb/v7e-m+fp/hard/crtn.o
 *(.fini)
 .fini          0x000000000800074c        0x4 c:/st/stm32cubeide_1.7.0/stm32cubeide/plugins/com.st.stm32cube.ide.mcu.externaltools.gnu-tools-for-stm32.9-2020-q2-update.win32_2.0.0.202105311346/tools/bin/../lib/gcc/arm-none-eabi/9.3.1/thumb/v7e-m+fp/hard/crti.o
                0x000000000800074c                _fini
 .fini          0x0000000008000750        0x8 c:/st/stm32cubeide_1.7.0/stm32cubeide/plugins/com.st.stm32cube.ide.mcu.externaltools.gnu-tools-for-stm32.9-2020-q2-update.win32_2.0.0.202105311346/tools/bin/../lib/gcc/arm-none-eabi/9.3.1/thumb/v7e-m+fp/hard/crtn.o
                0x0000000008000758                . = ALIGN (0x4)
                0x0000000008000758                _etext = .

.vfp11_veneer   0x0000000008000758        0x0
 .vfp11_veneer  0x0000000008000758        0x0 linker stubs

.v4_bx          0x0000000008000758        0x0
 .v4_bx         0x0000000008000758        0x0 linker stubs

.iplt           0x0000000008000758        0x0
 .iplt          0x0000000008000758        0x0 c:/st/stm32cubeide_1.7.0/stm32cubeide/plugins/com.st.stm32cube.ide.mcu.externaltools.gnu-tools-for-stm32.9-2020-q2-update.win32_2.0.0.202105311346/tools/bin/../lib/gcc/arm-none-eabi/9.3.1/thumb/v7e-m+fp/hard/crtbegin.o

.rel.dyn        0x0000000008000758        0x0
 .rel.iplt      0x0000000008000758        0x0 c:/st/stm32cubeide_1.7.0/stm32cubeide/plugins/com.st.stm32cube.ide.mcu.externaltools.gnu-tools-for-stm32.9-2020-q2-update.win32_2.0.0.202105311346/tools/bin/../lib/gcc/arm-none-eabi/9.3.1/thumb/v7e-m+fp/hard/crtbegin.o

.rodata         0x0000000008000758        0x0
                0x0000000008000758                . = ALIGN (0x4)
 *(.rodata)
 *(.rodata*)
                0x0000000008000758                . = ALIGN (0x4)

.ARM.extab      0x0000000008000758        0x0
                0x0000000008000758                . = ALIGN (0x4)
 *(.ARM.extab* .gnu.linkonce.armextab.*)
                0x0000000008000758                . = ALIGN (0x4)

.ARM            0x0000000008000758        0x0
                0x0000000008000758                . = ALIGN (0x4)
                0x0000000008000758                __exidx_start = .
 *(.ARM.exidx*)
                0x0000000008000758                __exidx_end = .
                0x0000000008000758                . = ALIGN (0x4)

.preinit_array  0x0000000008000758        0x0
                0x0000000008000758                . = ALIGN (0x4)
                0x0000000008000758                PROVIDE (__preinit_array_start = .)
 *(.preinit_array*)
                0x0000000008000758                PROVIDE (__preinit_array_end = .)
                0x0000000008000758                . = ALIGN (0x4)

.init_array     0x0000000008000758        0x4
                0x0000000008000758                . = ALIGN (0x4)
                0x0000000008000758                PROVIDE (__init_array_start = .)
 *(SORT_BY_NAME(.init_array.*))
 *(.init_array*)
 .init_array    0x0000000008000758        0x4 c:/st/stm32cubeide_1.7.0/stm32cubeide/plugins/com.st.stm32cube.ide.mcu.externaltools.gnu-tools-for-stm32.9-2020-q2-update.win32_2.0.0.202105311346/tools/bin/../lib/gcc/arm-none-eabi/9.3.1/thumb/v7e-m+fp/hard/crtbegin.o
                0x000000000800075c                PROVIDE (__init_array_end = .)
                0x000000000800075c                . = ALIGN (0x4)

.fini_array     0x000000000800075c        0x4
                0x000000000800075c                . = ALIGN (0x4)
                [!provide]                        PROVIDE (__fini_array_start = .)
 *(SORT_BY_NAME(.fini_array.*))
 *(.fini_array*)
 .fini_array    0x000000000800075c        0x4 c:/st/stm32cubeide_1.7.0/stm32cubeide/plugins/com.st.stm32cube.ide.mcu.externaltools.gnu-tools-for-stm32.9-2020-q2-update.win32_2.0.0.202105311346/tools/bin/../lib/gcc/arm-none-eabi/9.3.1/thumb/v7e-m+fp/hard/crtbegin.o
                [!provide]                        PROVIDE (__fini_array_end = .)
                0x0000000008000760                . = ALIGN (0x4)
                0x0000000008000760                _sidata = LOADADDR (.data)

.data           0x0000000020000000       0x6c load address 0x0000000008000760
                0x0000000020000000                . = ALIGN (0x4)
                0x0000000020000000                _sdata = .
 *(.data)
 *(.data*)
 .data.edge     0x0000000020000000        0x8 ./Core/Src/GPIO.o
                0x0000000020000000                edge
 .data.enable   0x0000000020000008        0x8 ./Core/Src/GPIO.o
                0x0000000020000008                enable
 .data.lookup   0x0000000020000010       0x50 ./Core/Src/GPIO.o
                0x0000000020000010                lookup
 .data.sevenSegHex
                0x0000000020000060        0xa ./Core/Src/main.o
                0x0000000020000060                sevenSegHex
 *(.RamFunc)
 *(.RamFunc*)
                0x000000002000006c                . = ALIGN (0x4)
 *fill*         0x000000002000006a        0x2 
                0x000000002000006c                _edata = .

.igot.plt       0x000000002000006c        0x0 load address 0x00000000080007cc
 .igot.plt      0x000000002000006c        0x0 c:/st/stm32cubeide_1.7.0/stm32cubeide/plugins/com.st.stm32cube.ide.mcu.externaltools.gnu-tools-for-stm32.9-2020-q2-update.win32_2.0.0.202105311346/tools/bin/../lib/gcc/arm-none-eabi/9.3.1/thumb/v7e-m+fp/hard/crtbegin.o
                0x000000002000006c                . = ALIGN (0x4)

.bss            0x000000002000006c       0x20 load address 0x00000000080007cc
                0x000000002000006c                _sbss = .
                0x000000002000006c                __bss_start__ = _sbss
 *(.bss)
 .bss           0x000000002000006c       0x1c c:/st/stm32cubeide_1.7.0/stm32cubeide/plugins/com.st.stm32cube.ide.mcu.externaltools.gnu-tools-for-stm32.9-2020-q2-update.win32_2.0.0.202105311346/tools/bin/../lib/gcc/arm-none-eabi/9.3.1/thumb/v7e-m+fp/hard/crtbegin.o
 *(.bss*)
 .bss.counter   0x0000000020000088        0x1 ./Core/Src/main.o
                0x0000000020000088                counter
 *(COMMON)
                0x000000002000008c                . = ALIGN (0x4)
 *fill*         0x0000000020000089        0x3 
                0x000000002000008c                _ebss = .
                0x000000002000008c                __bss_end__ = _ebss

._user_heap_stack
                0x000000002000008c      0x604 load address 0x00000000080007cc
                0x0000000020000090                . = ALIGN (0x8)
 *fill*         0x000000002000008c        0x4 
                [!provide]                        PROVIDE (end = .)
                [!provide]                        PROVIDE (_end = .)
                0x0000000020000290                . = (. + _Min_Heap_Size)
 *fill*         0x0000000020000090      0x200 
                0x0000000020000690                . = (. + _Min_Stack_Size)
 *fill*         0x0000000020000290      0x400 
                0x0000000020000690                . = ALIGN (0x8)

/DISCARD/
 libc.a(*)
 libm.a(*)
 libgcc.a(*)

.ARM.attributes
                0x0000000000000000       0x30
 *(.ARM.attributes)
 .ARM.attributes
                0x0000000000000000       0x1e c:/st/stm32cubeide_1.7.0/stm32cubeide/plugins/com.st.stm32cube.ide.mcu.externaltools.gnu-tools-for-stm32.9-2020-q2-update.win32_2.0.0.202105311346/tools/bin/../lib/gcc/arm-none-eabi/9.3.1/thumb/v7e-m+fp/hard/crti.o
 .ARM.attributes
                0x000000000000001e       0x34 c:/st/stm32cubeide_1.7.0/stm32cubeide/plugins/com.st.stm32cube.ide.mcu.externaltools.gnu-tools-for-stm32.9-2020-q2-update.win32_2.0.0.202105311346/tools/bin/../lib/gcc/arm-none-eabi/9.3.1/thumb/v7e-m+fp/hard/crtbegin.o
 .ARM.attributes
                0x0000000000000052       0x34 ./Core/Src/GPIO.o
 .ARM.attributes
                0x0000000000000086       0x34 ./Core/Src/main.o
 .ARM.attributes
                0x00000000000000ba       0x34 ./Core/Src/system_stm32f4xx.o
 .ARM.attributes
                0x00000000000000ee       0x21 ./Core/Startup/startup_stm32f401ccux.o
 .ARM.attributes
                0x000000000000010f       0x34 c:/st/stm32cubeide_1.7.0/stm32cubeide/plugins/com.st.stm32cube.ide.mcu.externaltools.gnu-tools-for-stm32.9-2020-q2-update.win32_2.0.0.202105311346/tools/bin/../lib/gcc/arm-none-eabi/9.3.1/../../../../arm-none-eabi/lib/thumb/v7e-m+fp/hard\libc_nano.a(lib_a-init.o)
 .ARM.attributes
                0x0000000000000143       0x1e c:/st/stm32cubeide_1.7.0/stm32cubeide/plugins/com.st.stm32cube.ide.mcu.externaltools.gnu-tools-for-stm32.9-2020-q2-update.win32_2.0.0.202105311346/tools/bin/../lib/gcc/arm-none-eabi/9.3.1/thumb/v7e-m+fp/hard/crtn.o
OUTPUT(01_43_Task4.elf elf32-littlearm)
LOAD linker stubs
LOAD c:/st/stm32cubeide_1.7.0/stm32cubeide/plugins/com.st.stm32cube.ide.mcu.externaltools.gnu-tools-for-stm32.9-2020-q2-update.win32_2.0.0.202105311346/tools/bin/../lib/gcc/arm-none-eabi/9.3.1/../../../../arm-none-eabi/lib/thumb/v7e-m+fp/hard\libc.a
LOAD c:/st/stm32cubeide_1.7.0/stm32cubeide/plugins/com.st.stm32cube.ide.mcu.externaltools.gnu-tools-for-stm32.9-2020-q2-update.win32_2.0.0.202105311346/tools/bin/../lib/gcc/arm-none-eabi/9.3.1/../../../../arm-none-eabi/lib/thumb/v7e-m+fp/hard\libm.a
LOAD c:/st/stm32cubeide_1.7.0/stm32cubeide/plugins/com.st.stm32cube.ide.mcu.externaltools.gnu-tools-for-stm32.9-2020-q2-update.win32_2.0.0.202105311346/tools/bin/../lib/gcc/arm-none-eabi/9.3.1/thumb/v7e-m+fp/hard\libgcc.a

.debug_info     0x0000000000000000      0x8ec
 .debug_info    0x0000000000000000      0x239 ./Core/Src/GPIO.o
 .debug_info    0x0000000000000239      0x11f ./Core/Src/main.o
 .debug_info    0x0000000000000358      0x572 ./Core/Src/system_stm32f4xx.o
 .debug_info    0x00000000000008ca       0x22 ./Core/Startup/startup_stm32f401ccux.o

.debug_abbrev   0x0000000000000000      0x2e2
 .debug_abbrev  0x0000000000000000       0xe0 ./Core/Src/GPIO.o
 .debug_abbrev  0x00000000000000e0       0xc7 ./Core/Src/main.o
 .debug_abbrev  0x00000000000001a7      0x129 ./Core/Src/system_stm32f4xx.o
 .debug_abbrev  0x00000000000002d0       0x12 ./Core/Startup/startup_stm32f401ccux.o

.debug_aranges  0x0000000000000000       0xd0
 .debug_aranges
                0x0000000000000000       0x48 ./Core/Src/GPIO.o
 .debug_aranges
                0x0000000000000048       0x38 ./Core/Src/main.o
 .debug_aranges
                0x0000000000000080       0x28 ./Core/Src/system_stm32f4xx.o
 .debug_aranges
                0x00000000000000a8       0x28 ./Core/Startup/startup_stm32f401ccux.o

.debug_ranges   0x0000000000000000       0x98
 .debug_ranges  0x0000000000000000       0x38 ./Core/Src/GPIO.o
 .debug_ranges  0x0000000000000038       0x28 ./Core/Src/main.o
 .debug_ranges  0x0000000000000060       0x18 ./Core/Src/system_stm32f4xx.o
 .debug_ranges  0x0000000000000078       0x20 ./Core/Startup/startup_stm32f401ccux.o

.debug_macro    0x0000000000000000     0xdcdd
 .debug_macro   0x0000000000000000       0x32 ./Core/Src/GPIO.o
 .debug_macro   0x0000000000000032      0xaa8 ./Core/Src/GPIO.o
 .debug_macro   0x0000000000000ada      0x12a ./Core/Src/GPIO.o
 .debug_macro   0x0000000000000c04       0x1a ./Core/Src/main.o
 .debug_macro   0x0000000000000c1e       0xda ./Core/Src/system_stm32f4xx.o
 .debug_macro   0x0000000000000cf8       0x2e ./Core/Src/system_stm32f4xx.o
 .debug_macro   0x0000000000000d26       0x28 ./Core/Src/system_stm32f4xx.o
 .debug_macro   0x0000000000000d4e       0x22 ./Core/Src/system_stm32f4xx.o
 .debug_macro   0x0000000000000d70       0x8e ./Core/Src/system_stm32f4xx.o
 .debug_macro   0x0000000000000dfe       0x51 ./Core/Src/system_stm32f4xx.o
 .debug_macro   0x0000000000000e4f      0x103 ./Core/Src/system_stm32f4xx.o
 .debug_macro   0x0000000000000f52       0x6a ./Core/Src/system_stm32f4xx.o
 .debug_macro   0x0000000000000fbc      0x1df ./Core/Src/system_stm32f4xx.o
 .debug_macro   0x000000000000119b       0x1c ./Core/Src/system_stm32f4xx.o
 .debug_macro   0x00000000000011b7       0x22 ./Core/Src/system_stm32f4xx.o
 .debug_macro   0x00000000000011d9       0xdf ./Core/Src/system_stm32f4xx.o
 .debug_macro   0x00000000000012b8     0x102d ./Core/Src/system_stm32f4xx.o
 .debug_macro   0x00000000000022e5      0x11f ./Core/Src/system_stm32f4xx.o
 .debug_macro   0x0000000000002404     0xb86c ./Core/Src/system_stm32f4xx.o
 .debug_macro   0x000000000000dc70       0x6d ./Core/Src/system_stm32f4xx.o

.debug_line     0x0000000000000000      0x8bd
 .debug_line    0x0000000000000000      0x1cc ./Core/Src/GPIO.o
 .debug_line    0x00000000000001cc      0x177 ./Core/Src/main.o
 .debug_line    0x0000000000000343      0x4f2 ./Core/Src/system_stm32f4xx.o
 .debug_line    0x0000000000000835       0x88 ./Core/Startup/startup_stm32f401ccux.o

.debug_str      0x0000000000000000    0x4fe38
 .debug_str     0x0000000000000000     0x35f9 ./Core/Src/GPIO.o
                                       0x3614 (size before relaxing)
 .debug_str     0x00000000000035f9       0x4a ./Core/Src/main.o
                                       0x3522 (size before relaxing)
 .debug_str     0x0000000000003643    0x4c7bf ./Core/Src/system_stm32f4xx.o
                                      0x4f6c6 (size before relaxing)
 .debug_str     0x000000000004fe02       0x36 ./Core/Startup/startup_stm32f401ccux.o
                                         0x5e (size before relaxing)

.comment        0x0000000000000000       0x53
 .comment       0x0000000000000000       0x53 ./Core/Src/GPIO.o
                                         0x54 (size before relaxing)
 .comment       0x0000000000000053       0x54 ./Core/Src/main.o
 .comment       0x0000000000000053       0x54 ./Core/Src/system_stm32f4xx.o

.debug_frame    0x0000000000000000      0x21c
 .debug_frame   0x0000000000000000      0x100 ./Core/Src/GPIO.o
 .debug_frame   0x0000000000000100       0x98 ./Core/Src/main.o
 .debug_frame   0x0000000000000198       0x58 ./Core/Src/system_stm32f4xx.o
 .debug_frame   0x00000000000001f0       0x2c c:/st/stm32cubeide_1.7.0/stm32cubeide/plugins/com.st.stm32cube.ide.mcu.externaltools.gnu-tools-for-stm32.9-2020-q2-update.win32_2.0.0.202105311346/tools/bin/../lib/gcc/arm-none-eabi/9.3.1/../../../../arm-none-eabi/lib/thumb/v7e-m+fp/hard\libc_nano.a(lib_a-init.o)
